// Jest Snapshot v1, https://goo.gl/fbAQLP

exports[`React Icon component should match snapshot 1`] = `
<svg
  className="tabler-icon tabler-icon-2fa"
  fill="none"
  height={24}
  stroke="currentColor"
  strokeLinecap="round"
  strokeLinejoin="round"
  strokeWidth={2}
  viewBox="0 0 24 24"
  width={24}
  xmlns="http://www.w3.org/2000/svg"
>
  <path
    d="M7 16h-4l3.47 -4.66a2 2 0 1 0 -3.47 -1.54m7 6.2v-8h4m-4 4l3 0m4 4v-6a2 2 0 0 1 4 0v6m-4 -3l4 0"
  />
</svg>
`;
